// Jest Snapshot v1, https://goo.gl/fbAQLP

exports[`Unit test from LayoutTheShopList components should match the snapshot layoutTheGrid component 1`] = `
<div class="TheShopList">
  <!---->
  <header class="Header">
    <div class="Inner"><img src="" alt="Trash icon" class="CartICON">
      <h2 class="Title">Корзина</h2>
    </div> <button type="button" class="Btn HeaderBtn"><span class="Body">
          Очистить корзину
        </span> <img src="" alt="Trash icon" style="order: 1;"></button>
  </header>
  <div class="Content">
    <div class="ShopCart">
      <picture>
        <source srcset="https://dodopizza.azureedge.net/static/Img/Products/Pizza/ru-RU/d48003cd-902c-420d-9f28-92d9dc5f73b4.jpg" width="80" height="80" type="image/svg"> <img src="https://dodopizza.azureedge.net/static/Img/Products/Pizza/ru-RU/d48003cd-902c-420d-9f28-92d9dc5f73b4.jpg" width="80" height="80" alt="ShopCart pizza image">
      </picture>
      <div class="Typh">
        <h3 class="Title">Маргарита</h3>
        <p class="SubTitle">
          тонкое тесто, 26 см.
        </p>
      </div>
      <div class="Counter"><button type="button" class="Btn CounterBtn"><span class="Body">
        -
      </span> </button> <span style="margin: 0px 12px 0px 12px;">
      2
    </span> <button type="button" class="Btn CounterBtn"><span class="Body">
        +
      </span> </button></div>
      <div class="TotalContainer">
        <div class="TotalPrice"><span> 900 ₽ </span></div>
      </div>
      <div class="Reset"><button type="button" class="Btn ResetBtn"><span class="Body">
        x
      </span> </button>
        <!---->
      </div>
    </div>
    <div class="ShopCart">
      <picture>
        <source srcset="https://dodopizza.azureedge.net/static/Img/Products/Pizza/ru-RU/ec29465e-606b-4a04-a03e-da3940d37e0e.jpg" width="80" height="80" type="image/svg"> <img src="https://dodopizza.azureedge.net/static/Img/Products/Pizza/ru-RU/ec29465e-606b-4a04-a03e-da3940d37e0e.jpg" width="80" height="80" alt="ShopCart pizza image">
      </picture>
      <div class="Typh">
        <h3 class="Title">Четыре сезона</h3>
        <p class="SubTitle">
          тонкое тесто, 26 см.
        </p>
      </div>
      <div class="Counter"><button type="button" class="Btn CounterBtn"><span class="Body">
        -
      </span> </button> <span style="margin: 0px 12px 0px 12px;">
      2
    </span> <button type="button" class="Btn CounterBtn"><span class="Body">
        +
      </span> </button></div>
      <div class="TotalContainer">
        <div class="TotalPrice"><span> 790 ₽ </span></div>
      </div>
      <div class="Reset"><button type="button" class="Btn ResetBtn"><span class="Body">
        x
      </span> </button>
        <!---->
      </div>
    </div>
  </div>
  <footer class="Footer">
    <div class="FooterStats">
      <div>
        <p class="FooterAllPizas">
          Всего пицц: <span>2</span></p>
      </div>
      <div>
        <p class="FooterAllSum">
          Сумма заказа: <span>1690</span></p>
      </div>
    </div>
    <div class="FooterBtns"><a href="/" aria-current="page" class="router-link-exact-active router-link-active" style="text-decoration: none;"><button type="button" class="Btn FooterBtnBack"><span class="Body">
              Вернуться назад
            </span> <img src="" alt="arrow left icon" class="FooterBtnBackIcon"></button></a> <button type="button" class="Btn FooterBtnPay"><span class="Body">
            Оплатить сейчас
          </span> </button></div>
    <!---->
  </footer>
</div>
`;
