// Jest Snapshot v1, https://goo.gl/fbAQLP

exports[`Unit tests for Button component Should match the snapshot Button component 1`] = `<button type="button" class="Btn"><span class="Body">some any slots text</span> <img src="/img/iconfinder.svg" width="15" height="15" alt="icon basket" style="margin: 1px 0px 0px 13px;"></button>`;
